[openclassrooms.com/courses/creez-votre-application-web-avec-java-ee/premiers-pas-avec-jsf.html]
[openclassrooms.com/fav-icon3860.png]
[openclassrooms.com/bundles/common/css/masterd0b3.css]
[openclassrooms.com/apple-touch-icon.png]
[openclassrooms.com/apple-touch-icon-iphone.png]
[openclassrooms.com/apple-touch-icon-ipad.png]
[openclassrooms.com/apple-touch-icon-iphone-retina-display.png]
[openclassrooms.com/apple-touch-icon-ipad-retina-display.png]
[openclassrooms.com/apple-touch-icon-precomposed.png]
[openclassrooms.com/bundles/course/css/maind0b3.css]
[backblue.gif]
[fade.gif]
[index.html]
[openclassrooms.com/js/modernizrd0b3.js]
[openclassrooms.com/courses/creez-votre-application-web-avec-java-ee/introduction-au-java-ee.html]
[openclassrooms.com/courses/creez-votre-application-web-avec-java-ee/le-java-ee-mis-a-nu.html]
[openclassrooms.com/courses/creez-votre-application-web-avec-java-ee/outils-et-environnement-de-developpement.html]
[openclassrooms.com/courses/creez-votre-application-web-avec-java-ee/la-servlet.html]
[openclassrooms.com/courses/creez-votre-application-web-avec-java-ee/servlet-avec-vue.html]
[openclassrooms.com/courses/creez-votre-application-web-avec-java-ee/transmission-de-donnees.html]
[openclassrooms.com/courses/creez-votre-application-web-avec-java-ee/le-javabean.html]
[openclassrooms.com/courses/creez-votre-application-web-avec-java-ee/la-technologie-jsp-1-2.html]
[openclassrooms.com/courses/creez-votre-application-web-avec-java-ee/la-technologie-jsp-2-2.html]
[openclassrooms.com/courses/creez-votre-application-web-avec-java-ee/des-problemes-de-vue.html]
[openclassrooms.com/courses/creez-votre-application-web-avec-java-ee/tp-fil-rouge-etape-1.html]
[openclassrooms.com/courses/creez-votre-application-web-avec-java-ee/objectifs-et-configuration.html]
[openclassrooms.com/courses/creez-votre-application-web-avec-java-ee/la-bibliotheque-core.html]
[openclassrooms.com/courses/creez-votre-application-web-avec-java-ee/jstl-core-exercice-d-application.html]
[openclassrooms.com/courses/creez-votre-application-web-avec-java-ee/la-bibliotheque-xml.html]
[openclassrooms.com/courses/creez-votre-application-web-avec-java-ee/jstl-xml-exercice-d-application.html]
[openclassrooms.com/courses/creez-votre-application-web-avec-java-ee/faisons-le-point-2.html]
[openclassrooms.com/courses/creez-votre-application-web-avec-java-ee/tp-fil-rouge-etape-2.html]
[openclassrooms.com/courses/creez-votre-application-web-avec-java-ee/formulaires-le-b-a-ba.html]
[openclassrooms.com/courses/creez-votre-application-web-avec-java-ee/formulaires-a-la-mode-mvc.html]
[openclassrooms.com/courses/creez-votre-application-web-avec-java-ee/tp-fil-rouge-etape-3.html]
[openclassrooms.com/courses/creez-votre-application-web-avec-java-ee/la-session-connectez-vos-clients.html]
[openclassrooms.com/courses/creez-votre-application-web-avec-java-ee/le-filtre-creez-un-espace-membre.html]
[openclassrooms.com/courses/creez-votre-application-web-avec-java-ee/le-cookie-le-navigateur-vous-ouvre-ses-portes.html]
[openclassrooms.com/courses/creez-votre-application-web-avec-java-ee/tp-fil-rouge-etape-4.html]
[openclassrooms.com/courses/creez-votre-application-web-avec-java-ee/formulaires-l-envoi-de-fichiers.html]
[openclassrooms.com/courses/creez-votre-application-web-avec-java-ee/le-telechargement-de-fichiers.html]
[openclassrooms.com/courses/creez-votre-application-web-avec-java-ee/tp-fil-rouge-etape-5.html]
[openclassrooms.com/courses/creez-votre-application-web-avec-java-ee/introduction-a-mysql-et-jdbc.html]
[openclassrooms.com/courses/creez-votre-application-web-avec-java-ee/communiquez-avec-votre-bdd.html]
[openclassrooms.com/courses/creez-votre-application-web-avec-java-ee/le-modele-dao.html]
[openclassrooms.com/courses/creez-votre-application-web-avec-java-ee/tp-fil-rouge-etape-6.html]
[openclassrooms.com/courses/creez-votre-application-web-avec-java-ee/gerer-un-pool-de-connexions-avec-bonecp.html]
[openclassrooms.com/courses/creez-votre-application-web-avec-java-ee/les-annotations.html]
[openclassrooms.com/courses/creez-votre-application-web-avec-java-ee/la-persistance-des-donnees-avec-jpa.html]
[openclassrooms.com/courses/creez-votre-application-web-avec-java-ee/tp-fil-rouge-etape-7.html]
[openclassrooms.com/courses/creez-votre-application-web-avec-java-ee/introduction-aux-frameworks-mvc.html]
[openclassrooms.com/courses/creez-votre-application-web-avec-java-ee/la-gestion-d-un-formulaire-avec-jsf.html]
[openclassrooms.com/courses/creez-votre-application-web-avec-java-ee/l-envoi-de-fichiers-avec-jsf.html]
[openclassrooms.com/courses/creez-votre-application-web-avec-java-ee/debugger-un-projet.html]
[user.oc-static.com/files/418001_419000/418995.png]
[user.oc-static.com/files/418001_419000/418997.png]
[openclassrooms.com/courses/creez-votre-application-web-avec-java-ee/empaquetage-et-deploiement-d-un-projet.html]
[user.oc-static.com/files/418001_419000/418421.png]
[user.oc-static.com/files/418001_419000/418422.png]
[user.oc-static.com/files/418001_419000/418423.png]
[user.oc-static.com/files/418001_419000/418424.png]
[user.oc-static.com/files/418001_419000/418425.png]
[user.oc-static.com/files/418001_419000/418434.png]
[user.oc-static.com/files/418001_419000/418437.png]
[static.oc-static.com/prod/images/courses/certif.jpg]
[sdz-upload.s3.amazonaws.com/prod/partners/img/logo_logo-oc.png]
[www.gravatar.com/avatar/15c349ac5313535fba91e5dbfa8803ec/indexd6dc.html]
[openclassrooms.com/courses/creez-votre-application-web-avec-java-ee/premiers-pas-avec-jsf.html]
[openclassrooms.com/js/oc/courseViewd0b3.js]
[openclassrooms.com/js/maind0b3.js]
[openclassrooms.com/bundles/common/oc/images/spritesce76.png]
[openclassrooms.com/bundles/common/oc/images/sprites@x2ce76.png]
[openclassrooms.com/bundles/app/images/home/ete2015-smallae52.jpg]
[openclassrooms.com/bundles/app/images/home/ete2015-largeae52.jpg]
[openclassrooms.com/bundles/app/images/affi/kapla-small30f4.jpg]
[openclassrooms.com/bundles/app/images/affi/kapla-large30f4.jpg]
[openclassrooms.com/bundles/app/images/premium/man-testimony-small3860.jpg]
[openclassrooms.com/bundles/app/images/premium/man-testimony-large3860.jpg]
[openclassrooms.com/bundles/app/images/premium/mentor-remote-small5e1f.jpg]
[openclassrooms.com/bundles/app/images/premium/mentor-remote-large5e1f.jpg]
[openclassrooms.com/bundles/app/images/dashboard/studentBack-small5e1f.jpg]
[openclassrooms.com/bundles/app/images/dashboard/studentBack-large5e1f.jpg]
[openclassrooms.com/bundles/app/images/learningPath/students-small3860.jpg]
[openclassrooms.com/bundles/app/images/learningPath/students-large3860.jpg]
[openclassrooms.com/bundles/app/images/teacher/teacher-small30f4.jpg]
[openclassrooms.com/bundles/app/images/teacher/teacher-large30f4.jpg]
[openclassrooms.com/bundles/app/images/premium/testimony-premium-plus-small30f4.jpg]
[openclassrooms.com/bundles/app/images/premium/testimony-premium-plus-large30f4.jpg]
[openclassrooms.com/bundles/app/images/premium/testimony-premium-class-small3860.jpg]
[openclassrooms.com/bundles/app/images/premium/testimony-premium-class-large3860.jpg]
[openclassrooms.com/bundles/app/images/premium/testimony-premium-solo-small30f4.jpg]
[openclassrooms.com/bundles/app/images/premium/testimony-premium-solo-large30f4.jpg]
[openclassrooms.com/bundles/app/images/premium/whos-mooc-small30f4.jpg]
[openclassrooms.com/bundles/app/images/premium/whos-mooc-large30f4.jpg]
[openclassrooms.com/bundles/common/css/masterd0b3.css]
[openclassrooms.com/bundles/course/css/maind0b3.css]
[openclassrooms.com/js/modernizrd0b3.js]
[user.oc-static.com/files/369001_370000/369034.png]
[user.oc-static.com/files/369001_370000/369037.png]
[openclassrooms.com/courses/creez-votre-application-web-avec-java-ee/introduction-au-java-ee.html]
[user.oc-static.com/files/369001_370000/369180.png]
[user.oc-static.com/files/369001_370000/369172.png]
[user.oc-static.com/files/369001_370000/369177.png]
[openclassrooms.com/courses/creez-votre-application-web-avec-java-ee/le-java-ee-mis-a-nu.html]
[user.oc-static.com/files/364001_365000/364201.jpg]
[user.oc-static.com/files/364001_365000/364202.jpg]
[user.oc-static.com/files/388001_389000/388659.png]
[user.oc-static.com/thb/388001_389000/388659.png]
[user.oc-static.com/files/388001_389000/388660.png]
[user.oc-static.com/thb/388001_389000/388660.png]
[user.oc-static.com/files/388001_389000/388661.png]
[user.oc-static.com/thb/388001_389000/388661.png]
[user.oc-static.com/files/388001_389000/388662.png]
[user.oc-static.com/thb/388001_389000/388662.png]
[user.oc-static.com/files/388001_389000/388663.png]
[user.oc-static.com/thb/388001_389000/388663.png]
[user.oc-static.com/files/388001_389000/388664.png]
[user.oc-static.com/thb/388001_389000/388664.png]
[user.oc-static.com/files/364001_365000/364207.jpg]
[user.oc-static.com/files/374001_375000/374110.png]
[user.oc-static.com/files/374001_375000/374102.png]
[user.oc-static.com/files/374001_375000/374097.png]
[user.oc-static.com/files/374001_375000/374098.png]
[user.oc-static.com/files/374001_375000/374099.png]
[user.oc-static.com/files/374001_375000/374100.png]
[user.oc-static.com/files/374001_375000/374101.png]
[user.oc-static.com/files/374001_375000/374103.png]
[user.oc-static.com/files/374001_375000/374104.png]
[user.oc-static.com/files/374001_375000/374105.png]
[user.oc-static.com/files/374001_375000/374106.png]
[user.oc-static.com/files/374001_375000/374107.png]
[user.oc-static.com/files/378001_379000/378688.png]
[user.oc-static.com/files/378001_379000/378689.png]
[user.oc-static.com/files/374001_375000/374108.png]
[user.oc-static.com/files/374001_375000/374109.png]
[user.oc-static.com/files/247001_248000/247344.png]
[openclassrooms.com/courses/creez-votre-application-web-avec-java-ee/outils-et-environnement-de-developpement.html]
[user.oc-static.com/files/370001_371000/370034.png]
[user.oc-static.com/files/374001_375000/374118.png]
[user.oc-static.com/thb/374001_375000/374118.png]
[dmc1acwvwny3.cloudfront.net/atatus.js]
[user.oc-static.com/files/374001_375000/374111.png]
[user.oc-static.com/files/374001_375000/374113.png]
[user.oc-static.com/files/374001_375000/374114.png]
[user.oc-static.com/files/365001_366000/365666.jpg]
[user.oc-static.com/files/374001_375000/374115.png]
[user.oc-static.com/files/369001_370000/369173.png]
[openclassrooms.com/courses/creez-votre-application-web-avec-java-ee/la-servlet.html]
[user.oc-static.com/files/374001_375000/374119.png]
[user.oc-static.com/files/374001_375000/374120.png]
[user.oc-static.com/files/391001_392000/391864.png]
[user.oc-static.com/files/369001_370000/369176.png]
[user.oc-static.com/files/369001_370000/369174.png]
[openclassrooms.com/courses/creez-votre-application-web-avec-java-ee/servlet-avec-vue.html]
[openclassrooms.com/courses/creez-votre-application-web-avec-java-ee/transmission-de-donnees.html]
[user.oc-static.com/files/374001_375000/374127.png]
[user.oc-static.com/files/374001_375000/374128.png]
[user.oc-static.com/files/374001_375000/374129.png]
[user.oc-static.com/files/374001_375000/374130.png]
[user.oc-static.com/files/378001_379000/378192.png]
[openclassrooms.com/courses/creez-votre-application-web-avec-java-ee/le-javabean.html]
[user.oc-static.com/files/373001_374000/373030.png]
[openclassrooms.com/courses/creez-votre-application-web-avec-java-ee/la-technologie-jsp-1-2.html]
[user.oc-static.com/files/383001_384000/383484.png]
[openclassrooms.com/courses/creez-votre-application-web-avec-java-ee/la-technologie-jsp-2-2.html]
[user.oc-static.com/files/368001_369000/368352.jpg]
[openclassrooms.com/courses/creez-votre-application-web-avec-java-ee/des-problemes-de-vue.html]
[user.oc-static.com/files/384001_385000/384545.png]
[user.oc-static.com/files/385001_386000/385114.png]
[user.oc-static.com/files/384001_385000/384757.png]
[user.oc-static.com/files/384001_385000/384758.png]
[user.oc-static.com/files/384001_385000/384763.png]
[user.oc-static.com/files/384001_385000/384764.png]
[user.oc-static.com/files/384001_385000/384759.png]
[user.oc-static.com/files/384001_385000/384760.png]
[user.oc-static.com/files/384001_385000/384761.png]
[user.oc-static.com/files/384001_385000/384762.png]
[openclassrooms.com/courses/creez-votre-application-web-avec-java-ee/tp-fil-rouge-etape-1.html]
[user.oc-static.com/files/237001_238000/237682.png]
[user.oc-static.com/files/237001_238000/237683.png]
[user.oc-static.com/files/368001_369000/368359.png]
[openclassrooms.com/courses/creez-votre-application-web-avec-java-ee/objectifs-et-configuration.html]
[openclassrooms.com/courses/creez-votre-application-web-avec-java-ee/la-bibliotheque-core.html]
[user.oc-static.com/files/379001_380000/379645.png]
[user.oc-static.com/files/379001_380000/379646.png]
[openclassrooms.com/courses/creez-votre-application-web-avec-java-ee/jstl-core-exercice-d-application.html]
[user.oc-static.com/files/379001_380000/379652.png]
[user.oc-static.com/files/379001_380000/379651.png]
[user.oc-static.com/thb/379001_380000/379651.png]
[openclassrooms.com/courses/creez-votre-application-web-avec-java-ee/la-bibliotheque-xml.html]
[openclassrooms.com/courses/creez-votre-application-web-avec-java-ee/jstl-xml-exercice-d-application.html]
[user.oc-static.com/files/379001_380000/379806.png]
[user.oc-static.com/files/379001_380000/379807.png]
[user.oc-static.com/files/379001_380000/379808.png]
[user.oc-static.com/files/379001_380000/379809.png]
[user.oc-static.com/thb/379001_380000/379809.png]
[user.oc-static.com/files/379001_380000/379810.png]
[openclassrooms.com/courses/creez-votre-application-web-avec-java-ee/faisons-le-point-2.html]
[user.oc-static.com/files/386001_387000/386048.png]
[user.oc-static.com/files/386001_387000/386049.png]
[user.oc-static.com/files/386001_387000/386050.png]
[user.oc-static.com/files/386001_387000/386051.png]
[user.oc-static.com/files/384001_385000/384779.png]
[openclassrooms.com/courses/creez-votre-application-web-avec-java-ee/tp-fil-rouge-etape-2.html]
[user.oc-static.com/files/370001_371000/370761.png]
[user.oc-static.com/files/382001_383000/382397.png]
[user.oc-static.com/files/370001_371000/370600.jpg]
[user.oc-static.com/files/370001_371000/370766.png]
[user.oc-static.com/files/370001_371000/370769.png]
[user.oc-static.com/files/370001_371000/370770.png]
[user.oc-static.com/files/370001_371000/370774.png]
[user.oc-static.com/files/370001_371000/370776.png]
[user.oc-static.com/files/371001_372000/371248.png]
[openclassrooms.com/courses/creez-votre-application-web-avec-java-ee/formulaires-le-b-a-ba.html]
[user.oc-static.com/files/382001_383000/382400.png]
[user.oc-static.com/files/382001_383000/382402.png]
[openclassrooms.com/courses/creez-votre-application-web-avec-java-ee/formulaires-a-la-mode-mvc.html]
[user.oc-static.com/files/386001_387000/386043.png]
[user.oc-static.com/files/386001_387000/386044.png]
[user.oc-static.com/files/386001_387000/386045.png]
[user.oc-static.com/files/386001_387000/386046.png]
[user.oc-static.com/files/395001_396000/395651.png]
[openclassrooms.com/courses/creez-votre-application-web-avec-java-ee/tp-fil-rouge-etape-3.html]
[user.oc-static.com/files/383001_384000/383846.png]
[user.oc-static.com/files/383001_384000/383847.png]
[user.oc-static.com/files/380001_381000/380394.png]
[user.oc-static.com/files/380001_381000/380395.png]
[user.oc-static.com/files/380001_381000/380396.png]
[user.oc-static.com/files/380001_381000/380518.png]
[user.oc-static.com/files/380001_381000/380519.png]
[user.oc-static.com/files/380001_381000/380520.png]
[user.oc-static.com/files/380001_381000/380521.png]
[user.oc-static.com/files/382001_383000/382877.png]
[user.oc-static.com/files/382001_383000/382879.png]
[user.oc-static.com/files/382001_383000/382043.png]
[user.oc-static.com/files/382001_383000/382044.png]
[user.oc-static.com/files/382001_383000/382034.png]
[user.oc-static.com/files/382001_383000/382035.png]
[user.oc-static.com/files/382001_383000/382031.png]
[user.oc-static.com/files/382001_383000/382041.png]
[user.oc-static.com/files/382001_383000/382184.png]
[user.oc-static.com/files/382001_383000/382189.png]
[user.oc-static.com/files/382001_383000/382193.png]
[user.oc-static.com/files/382001_383000/382191.gif]
[user.oc-static.com/files/382001_383000/382192.png]
[user.oc-static.com/files/382001_383000/382196.png]
[user.oc-static.com/files/382001_383000/382195.png]
[user.oc-static.com/files/382001_383000/382197.png]
[openclassrooms.com/courses/creez-votre-application-web-avec-java-ee/la-session-connectez-vos-clients.html]
[user.oc-static.com/files/382001_383000/382897.png]
[user.oc-static.com/files/380001_381000/380731.png]
[user.oc-static.com/files/380001_381000/380729.png]
[user.oc-static.com/files/380001_381000/380932.png]
[user.oc-static.com/files/380001_381000/380933.png]
[user.oc-static.com/files/380001_381000/380934.png]
[user.oc-static.com/files/380001_381000/380936.png]
[user.oc-static.com/files/380001_381000/380965.png]
[user.oc-static.com/files/380001_381000/380935.png]
[user.oc-static.com/files/399001_400000/399340.png]
[user.oc-static.com/files/399001_400000/399341.png]
[openclassrooms.com/courses/creez-votre-application-web-avec-java-ee/le-filtre-creez-un-espace-membre.html]
[user.oc-static.com/files/382001_383000/382962.png]
[user.oc-static.com/files/382001_383000/382967.png]
[user.oc-static.com/files/382001_383000/382969.png]
[user.oc-static.com/files/384001_385000/384197.png]
[openclassrooms.com/courses/creez-votre-application-web-avec-java-ee/le-cookie-le-navigateur-vous-ouvre-ses-portes.html]
[user.oc-static.com/files/386001_387000/386140.png]
[user.oc-static.com/files/386001_387000/386141.png]
[user.oc-static.com/files/386001_387000/386144.png]
[user.oc-static.com/files/386001_387000/386142.png]
[user.oc-static.com/files/386001_387000/386145.png]
[course.oc-static.com/ftp-tutos/cours/java-ee/supprimer.png]
[openclassrooms.com/courses/creez-votre-application-web-avec-java-ee/tp-fil-rouge-etape-4.html]
[user.oc-static.com/files/374001_375000/374652.png]
[user.oc-static.com/files/374001_375000/374831.png]
[user.oc-static.com/files/374001_375000/374832.png]
[user.oc-static.com/files/374001_375000/374834.png]
[user.oc-static.com/files/374001_375000/374845.png]
[user.oc-static.com/files/387001_388000/387279.png]
[user.oc-static.com/files/387001_388000/387658.png]
[user.oc-static.com/files/387001_388000/387657.png]
[user.oc-static.com/files/387001_388000/387656.png]
[openclassrooms.com/courses/creez-votre-application-web-avec-java-ee/formulaires-l-envoi-de-fichiers.html]
[user.oc-static.com/files/398001_399000/398360.png]
[openclassrooms.com/courses/creez-votre-application-web-avec-java-ee/le-telechargement-de-fichiers.html]
[user.oc-static.com/files/400001_401000/400123.png]
[user.oc-static.com/files/400001_401000/400124.png]
[user.oc-static.com/files/400001_401000/400132.png]
[openclassrooms.com/courses/creez-votre-application-web-avec-java-ee/tp-fil-rouge-etape-5.html]
[user.oc-static.com/files/394001_395000/394139.png]
[user.oc-static.com/files/394001_395000/394140.png]
[user.oc-static.com/files/389001_390000/389216.png]
[user.oc-static.com/files/376001_377000/376708.png]
[openclassrooms.com/courses/creez-votre-application-web-avec-java-ee/introduction-a-mysql-et-jdbc.html]
[user.oc-static.com/files/390001_391000/390121.png]
[user.oc-static.com/files/390001_391000/390315.png]
[user.oc-static.com/files/396001_397000/396565.png]
[course.oc-static.com/ftp-tutos/cours/java-ee/jquery.js]
[user.oc-static.com/files/390001_391000/390316.png]
[user.oc-static.com/files/390001_391000/390319.png]
[user.oc-static.com/files/391001_392000/391099.png]
[user.oc-static.com/files/390001_391000/390321.png]
[user.oc-static.com/files/391001_392000/391250.png]
[user.oc-static.com/files/391001_392000/391251.png]
[user.oc-static.com/files/391001_392000/391252.png]
[user.oc-static.com/files/391001_392000/391253.png]
[openclassrooms.com/courses/creez-votre-application-web-avec-java-ee/communiquez-avec-votre-bdd.html]
[user.oc-static.com/files/395001_396000/395090.png]
[user.oc-static.com/files/395001_396000/395088.png]
[user.oc-static.com/files/395001_396000/395092.png]
[user.oc-static.com/files/396001_397000/396653.png]
[user.oc-static.com/files/396001_397000/396436.png]
[user.oc-static.com/files/396001_397000/396437.png]
[user.oc-static.com/files/396001_397000/396438.png]
[openclassrooms.com/courses/creez-votre-application-web-avec-java-ee/le-modele-dao.html]
[openclassrooms.com/courses/creez-votre-application-web-avec-java-ee/tp-fil-rouge-etape-6.html]
[openclassrooms.com/courses/creez-votre-application-web-avec-java-ee/gerer-un-pool-de-connexions-avec-bonecp.html]
[openclassrooms.com/courses/creez-votre-application-web-avec-java-ee/les-annotations.html]
[user.oc-static.com/files/414001_415000/414708.png]
[user.oc-static.com/files/414001_415000/414717.png]
[user.oc-static.com/files/414001_415000/414718.png]
[user.oc-static.com/files/414001_415000/414720.png]
[user.oc-static.com/files/414001_415000/414991.png]
[openclassrooms.com/courses/creez-votre-application-web-avec-java-ee/la-persistance-des-donnees-avec-jpa.html]
[openclassrooms.com/courses/creez-votre-application-web-avec-java-ee/tp-fil-rouge-etape-7.html]
[openclassrooms.com/courses/creez-votre-application-web-avec-java-ee/introduction-aux-frameworks-mvc.html]
[user.oc-static.com/files/418001_419000/418646.png]
[user.oc-static.com/files/419001_420000/419147.png]
[user.oc-static.com/files/419001_420000/419148.png]
[user.oc-static.com/files/419001_420000/419150.png]
[user.oc-static.com/files/419001_420000/419153.png]
[user.oc-static.com/files/419001_420000/419336.png]
[user.oc-static.com/files/419001_420000/419337.png]
[user.oc-static.com/files/419001_420000/419343.png]
[openclassrooms.com/courses/creez-votre-application-web-avec-java-ee/la-gestion-d-un-formulaire-avec-jsf.html]
[user.oc-static.com/files/419001_420000/419983.png]
[user.oc-static.com/files/419001_420000/419984.png]
[user.oc-static.com/files/419001_420000/419985.png]
[user.oc-static.com/files/419001_420000/419986.png]
[openclassrooms.com/courses/creez-votre-application-web-avec-java-ee/l-envoi-de-fichiers-avec-jsf.html]
[user.oc-static.com/files/416001_417000/416020.png]
[user.oc-static.com/files/416001_417000/416027.png]
[user.oc-static.com/files/416001_417000/416030.png]
[user.oc-static.com/files/415001_416000/415567.png]
[user.oc-static.com/files/415001_416000/415569.png]
[user.oc-static.com/files/415001_416000/415618.jpg]
[user.oc-static.com/files/415001_416000/415601.png]
[user.oc-static.com/files/415001_416000/415600.png]
[user.oc-static.com/files/416001_417000/416144.png]
[user.oc-static.com/files/416001_417000/416145.png]
[user.oc-static.com/files/416001_417000/416148.png]
[user.oc-static.com/files/416001_417000/416154.png]
[user.oc-static.com/files/416001_417000/416156.png]
[user.oc-static.com/files/416001_417000/416157.png]
[user.oc-static.com/files/416001_417000/416288.jpg]
[user.oc-static.com/files/416001_417000/416292.png]
[user.oc-static.com/files/416001_417000/416291.png]
[openclassrooms.com/courses/creez-votre-application-web-avec-java-ee/debugger-un-projet.html]
[user.oc-static.com/files/416001_417000/416303.png]
[user.oc-static.com/files/416001_417000/416359.png]
[openclassrooms.com/courses/creez-votre-application-web-avec-java-ee/empaquetage-et-deploiement-d-un-projet.html]
[openclassrooms.com/courses/creez-votre-application-web-avec-java-ee/es6.138.delayed]
[openclassrooms.com/courses/creez-votre-application-web-avec-java-ee/modules/es6.set]
[openclassrooms.com/courses/creez-votre-application-web-avec-java-ee/modules/es6.reflect.set]
[openclassrooms.com/courses/creez-votre-application-web-avec-java-ee/src/lib/main.js]
[openclassrooms.com/courses/Template.js]
[openclassrooms.com/lib/utils.js]
[openclassrooms.com/courses/creez-votre-application-web-avec-java-ee/Template.js]
[openclassrooms.com/courses/creez-votre-application-web-avec-java-ee/Paginator.js]
[openclassrooms.com/courses/creez-votre-application-web-avec-java-ee/PaginationLink.js]
[openclassrooms.com/courses/creez-votre-application-web-avec-java-ee/PriceRangesForm.js]
[openclassrooms.com/courses/creez-votre-application-web-avec-java-ee/RefinementListItem.js]
[openclassrooms.com/courses/creez-votre-application-web-avec-java-ee/hogan.js]
[openclassrooms.com/courses/components/Template.js]
[openclassrooms.com/courses/creez-votre-application-web-avec-java-ee/url-sync.js]
[openclassrooms.com/courses/creez-votre-application-web-avec-java-ee/version.js]
[openclassrooms.com/courses/creez-votre-application-web-avec-java-ee/createHelpers.js]
[openclassrooms.com/courses/creez-votre-application-web-avec-java-ee/No widgets were added to instantsearch.js]
[openclassrooms.com/courses/shams/Object.freeze.js]
[openclassrooms.com/courses/shims/Object.getPrototypeOf.js]
[openclassrooms.com/courses/creez-votre-application-web-avec-java-ee/InstantSearch.js]
[openclassrooms.com/courses/widgets/clear-all/clear-all.js]
[openclassrooms.com/courses/widgets/current-refined-values/current-refined-values.js]
[openclassrooms.com/courses/widgets/hierarchical-menu/hierarchical-menu.js]
[openclassrooms.com/courses/widgets/hits/hits.js]
[openclassrooms.com/courses/widgets/hits-per-page-selector/hits-per-page-selector.js]
[openclassrooms.com/courses/widgets/menu/menu.js]
[openclassrooms.com/courses/widgets/refinement-list/refinement-list.js]
[openclassrooms.com/courses/widgets/numeric-refinement-list/numeric-refinement-list.js]
[openclassrooms.com/courses/widgets/numeric-selector/numeric-selector.js]
[openclassrooms.com/courses/widgets/pagination/pagination.js]
[openclassrooms.com/courses/widgets/price-ranges/price-ranges.js]
[openclassrooms.com/courses/widgets/search-box/search-box.js]
[openclassrooms.com/courses/widgets/range-slider/range-slider.js]
[openclassrooms.com/courses/widgets/sort-by-selector/sort-by-selector.js]
[openclassrooms.com/courses/widgets/star-rating/star-rating.js]
[openclassrooms.com/courses/widgets/stats/stats.js]
[openclassrooms.com/courses/widgets/toggle/toggle.js]
[openclassrooms.com/courses/creez-votre-application-web-avec-java-ee/defaultShowMoreTemplates.js]
[openclassrooms.com/courses/lib/version.js]
[openclassrooms.com/decorators/autoHideContainer.js]
[openclassrooms.com/decorators/headerFooter.js]
[openclassrooms.com/courses/creez-votre-application-web-avec-java-ee/defaultTemplates.js]
[openclassrooms.com/components/ClearAll/ClearAll.js]
[openclassrooms.com/components/CurrentRefinedValues/CurrentRefinedValues.js]
[openclassrooms.com/components/RefinementList/RefinementList.js]
[openclassrooms.com/components/Selector.js]
[openclassrooms.com/components/Hits.js]
[openclassrooms.com/lib/show-more/getShowMoreConfig.js]
[openclassrooms.com/components/Pagination/Pagination.js]
[openclassrooms.com/courses/creez-votre-application-web-avec-java-ee/generate-ranges.js]
[openclassrooms.com/components/PriceRanges/PriceRanges.js]
[openclassrooms.com/components/Slider/Slider.js]
[openclassrooms.com/components/PoweredBy/PoweredBy.js]
[openclassrooms.com/courses/creez-votre-application-web-avec-java-ee/defaultLabels.js]
[openclassrooms.com/components/Stats/Stats.js]
[openclassrooms.com/courses/creez-votre-application-web-avec-java-ee/src/version.js]
[openclassrooms.com/courses/creez-votre-application-web-avec-java-ee/buildSearchMethod.js]
[openclassrooms.com/places.js]
[openclassrooms.com/version.js]
[openclassrooms.com/courses/creez-votre-application-web-avec-java-ee/errors.js]
[openclassrooms.com/courses/creez-votre-application-web-avec-java-ee/AMSmath.176.delayed]
[openclassrooms.com/courses/creez-votre-application-web-avec-java-ee/AMSsymbols.js]
[openclassrooms.com/courses/creez-votre-application-web-avec-java-ee/noErrors.js]
[openclassrooms.com/bundles/app/images/channel9/apprendre_a_code_thumb.png]
[openclassrooms.com/js/maind0b3.js]
[openclassrooms.com/js/oc/courseViewd0b3.js]
[openclassrooms.com/courses/creez-votre-application-web-avec-java-ee/es6.html]
[openclassrooms.com/courses/creez-votre-application-web-avec-java-ee/modules/es6.html]
[openclassrooms.com/courses/creez-votre-application-web-avec-java-ee/modules/es6.reflect.html]
[openclassrooms.com/courses/creez-votre-application-web-avec-java-ee/src/lib/main.html]
[openclassrooms.com/courses/Template.html]
[openclassrooms.com/lib/utils.html]
[openclassrooms.com/courses/creez-votre-application-web-avec-java-ee/Template.html]
[openclassrooms.com/courses/creez-votre-application-web-avec-java-ee/Paginator.html]
[openclassrooms.com/courses/creez-votre-application-web-avec-java-ee/PaginationLink.html]
[openclassrooms.com/courses/creez-votre-application-web-avec-java-ee/PriceRangesForm.html]
[openclassrooms.com/courses/creez-votre-application-web-avec-java-ee/RefinementListItem.html]
[openclassrooms.com/courses/creez-votre-application-web-avec-java-ee/hogan.html]
[openclassrooms.com/courses/components/Template.html]
[openclassrooms.com/courses/creez-votre-application-web-avec-java-ee/url-sync.html]
[openclassrooms.com/courses/creez-votre-application-web-avec-java-ee/version.html]
[openclassrooms.com/courses/creez-votre-application-web-avec-java-ee/createHelpers.html]
[openclassrooms.com/courses/creez-votre-application-web-avec-java-ee/No widgets were added to instantsearch.html]
[openclassrooms.com/courses/shams/Object.freeze.html]
[openclassrooms.com/courses/shims/Object.getPrototypeOf.html]
[openclassrooms.com/courses/creez-votre-application-web-avec-java-ee/InstantSearch.html]
[openclassrooms.com/courses/widgets/clear-all/clear-all.html]
[openclassrooms.com/courses/widgets/current-refined-values/current-refined-values.html]
[openclassrooms.com/courses/widgets/hierarchical-menu/hierarchical-menu.html]
[openclassrooms.com/courses/widgets/hits/hits.html]
[openclassrooms.com/courses/widgets/hits-per-page-selector/hits-per-page-selector.html]
[openclassrooms.com/courses/widgets/menu/menu.html]
[openclassrooms.com/courses/widgets/refinement-list/refinement-list.html]
[openclassrooms.com/courses/widgets/numeric-refinement-list/numeric-refinement-list.html]
[openclassrooms.com/courses/widgets/numeric-selector/numeric-selector.html]
[openclassrooms.com/courses/widgets/pagination/pagination.html]
[openclassrooms.com/courses/widgets/price-ranges/price-ranges.html]
[openclassrooms.com/courses/widgets/search-box/search-box.html]
[openclassrooms.com/courses/widgets/range-slider/range-slider.html]
[openclassrooms.com/courses/widgets/sort-by-selector/sort-by-selector.html]
[openclassrooms.com/courses/widgets/star-rating/star-rating.html]
[openclassrooms.com/courses/widgets/stats/stats.html]
[openclassrooms.com/courses/widgets/toggle/toggle.html]
[openclassrooms.com/courses/creez-votre-application-web-avec-java-ee/defaultShowMoreTemplates.html]
[openclassrooms.com/courses/lib/version.html]
[openclassrooms.com/decorators/autoHideContainer.html]
[openclassrooms.com/decorators/headerFooter.html]
[openclassrooms.com/courses/creez-votre-application-web-avec-java-ee/defaultTemplates.html]
[openclassrooms.com/components/ClearAll/ClearAll.html]
[openclassrooms.com/components/CurrentRefinedValues/CurrentRefinedValues.html]
[openclassrooms.com/components/RefinementList/RefinementList.html]
[openclassrooms.com/components/Selector.html]
[openclassrooms.com/components/Hits.html]
[openclassrooms.com/lib/show-more/getShowMoreConfig.html]
[openclassrooms.com/components/Pagination/Pagination.html]
[openclassrooms.com/courses/creez-votre-application-web-avec-java-ee/generate-ranges.html]
[openclassrooms.com/components/PriceRanges/PriceRanges.html]
[openclassrooms.com/components/Slider/Slider.html]
[openclassrooms.com/components/PoweredBy/PoweredBy.html]
[openclassrooms.com/courses/creez-votre-application-web-avec-java-ee/defaultLabels.html]
[openclassrooms.com/components/Stats/Stats.html]
[openclassrooms.com/courses/creez-votre-application-web-avec-java-ee/src/version.html]
[openclassrooms.com/courses/creez-votre-application-web-avec-java-ee/buildSearchMethod.html]
[openclassrooms.com/places.html]
[openclassrooms.com/version.html]
[openclassrooms.com/courses/creez-votre-application-web-avec-java-ee/errors.html]
[openclassrooms.com/courses/creez-votre-application-web-avec-java-ee/AMSmath.html]
[openclassrooms.com/courses/creez-votre-application-web-avec-java-ee/AMSsymbols.html]
[openclassrooms.com/courses/creez-votre-application-web-avec-java-ee/noErrors.html]
[openclassrooms.com/js/tinymce.js]
[openclassrooms.com/js/tinymce.js]
[openclassrooms.com/courses/creez-votre-application-web-avec-java-ee/instantsearch.js]
[openclassrooms.com/courses/creez-votre-application-web-avec-java-ee/instantsearch.js]
[openclassrooms.com/js/Trident/index.html]
[openclassrooms.com/js/Version/index.html]
[static.oc-static.com/prod/icons/courses/defaultV2.png]
